Archive member included because of file (symbol)

c:/users/abdo_/documents/imt_sdk_win_64/winavr/bin/../lib/gcc/avr/4.3.3/avr5\libgcc.a(_exit.o)
                              c:/users/abdo_/documents/imt_sdk_win_64/winavr/bin/../lib/gcc/avr/4.3.3/../../../../avr/lib/avr5/crtm32.o (exit)
c:/users/abdo_/documents/imt_sdk_win_64/winavr/bin/../lib/gcc/avr/4.3.3/avr5\libgcc.a(_clear_bss.o)
                              ./EXTI/EXTI_PROGRMAE.o (__do_clear_bss)

Memory Configuration

Name             Origin             Length             Attributes
text             0x00000000         0x00020000         xr
data             0x00800060         0x0000ffa0         rw !x
eeprom           0x00810000         0x00010000         rw !x
fuse             0x00820000         0x00000400         rw !x
lock             0x00830000         0x00000400         rw !x
signature        0x00840000         0x00000400         rw !x
*default*        0x00000000         0xffffffff

Linker script and memory map

LOAD c:/users/abdo_/documents/imt_sdk_win_64/winavr/bin/../lib/gcc/avr/4.3.3/../../../../avr/lib/avr5/crtm32.o
LOAD ./MCAL/DIO_PROG.o
LOAD ./GIE/GIE_PROGRAME.o
LOAD ./EXTI/EXTI_PROGRMAE.o
LOAD ./main.o
LOAD c:/users/abdo_/documents/imt_sdk_win_64/winavr/bin/../lib/gcc/avr/4.3.3/avr5\libgcc.a
LOAD c:/users/abdo_/documents/imt_sdk_win_64/winavr/bin/../lib/gcc/avr/4.3.3/../../../../avr/lib/avr5\libc.a
LOAD c:/users/abdo_/documents/imt_sdk_win_64/winavr/bin/../lib/gcc/avr/4.3.3/avr5\libgcc.a

.hash
 *(.hash)

.dynsym
 *(.dynsym)

.dynstr
 *(.dynstr)

.gnu.version
 *(.gnu.version)

.gnu.version_d
 *(.gnu.version_d)

.gnu.version_r
 *(.gnu.version_r)

.rel.init
 *(.rel.init)

.rela.init
 *(.rela.init)

.rel.text
 *(.rel.text)
 *(.rel.text.*)
 *(.rel.gnu.linkonce.t*)

.rela.text
 *(.rela.text)
 *(.rela.text.*)
 *(.rela.gnu.linkonce.t*)

.rel.fini
 *(.rel.fini)

.rela.fini
 *(.rela.fini)

.rel.rodata
 *(.rel.rodata)
 *(.rel.rodata.*)
 *(.rel.gnu.linkonce.r*)

.rela.rodata
 *(.rela.rodata)
 *(.rela.rodata.*)
 *(.rela.gnu.linkonce.r*)

.rel.data
 *(.rel.data)
 *(.rel.data.*)
 *(.rel.gnu.linkonce.d*)

.rela.data
 *(.rela.data)
 *(.rela.data.*)
 *(.rela.gnu.linkonce.d*)

.rel.ctors
 *(.rel.ctors)

.rela.ctors
 *(.rela.ctors)

.rel.dtors
 *(.rel.dtors)

.rela.dtors
 *(.rela.dtors)

.rel.got
 *(.rel.got)

.rela.got
 *(.rela.got)

.rel.bss
 *(.rel.bss)

.rela.bss
 *(.rela.bss)

.rel.plt
 *(.rel.plt)

.rela.plt
 *(.rela.plt)

.text           0x00000000      0x624
 *(.vectors)
 .vectors       0x00000000       0x54 c:/users/abdo_/documents/imt_sdk_win_64/winavr/bin/../lib/gcc/avr/4.3.3/../../../../avr/lib/avr5/crtm32.o
                0x00000000                __vectors
                0x00000000                __vector_default
 *(.vectors)
 *(.progmem.gcc*)
 *(.progmem*)
                0x00000054                . = ALIGN (0x2)
                0x00000054                __trampolines_start = .
 *(.trampolines)
 .trampolines   0x00000054        0x0 linker stubs
 *(.trampolines*)
                0x00000054                __trampolines_end = .
 *(.jumptables)
 *(.jumptables*)
 *(.lowtext)
 *(.lowtext*)
                0x00000054                __ctors_start = .
 *(.ctors)
                0x00000054                __ctors_end = .
                0x00000054                __dtors_start = .
 *(.dtors)
                0x00000054                __dtors_end = .
 SORT(*)(.ctors)
 SORT(*)(.dtors)
 *(.init0)
 .init0         0x00000054        0x0 c:/users/abdo_/documents/imt_sdk_win_64/winavr/bin/../lib/gcc/avr/4.3.3/../../../../avr/lib/avr5/crtm32.o
                0x00000054                __init
 *(.init0)
 *(.init1)
 *(.init1)
 *(.init2)
 .init2         0x00000054        0xc c:/users/abdo_/documents/imt_sdk_win_64/winavr/bin/../lib/gcc/avr/4.3.3/../../../../avr/lib/avr5/crtm32.o
 *(.init2)
 *(.init3)
 *(.init3)
 *(.init4)
 .init4         0x00000060       0x10 c:/users/abdo_/documents/imt_sdk_win_64/winavr/bin/../lib/gcc/avr/4.3.3/avr5\libgcc.a(_clear_bss.o)
                0x00000060                __do_clear_bss
 *(.init4)
 *(.init5)
 *(.init5)
 *(.init6)
 *(.init6)
 *(.init7)
 *(.init7)
 *(.init8)
 *(.init8)
 *(.init9)
 .init9         0x00000070        0x8 c:/users/abdo_/documents/imt_sdk_win_64/winavr/bin/../lib/gcc/avr/4.3.3/../../../../avr/lib/avr5/crtm32.o
 *(.init9)
 *(.text)
 .text          0x00000078        0x4 c:/users/abdo_/documents/imt_sdk_win_64/winavr/bin/../lib/gcc/avr/4.3.3/../../../../avr/lib/avr5/crtm32.o
                0x00000078                __vector_12
                0x00000078                __bad_interrupt
                0x00000078                __vector_6
                0x00000078                __vector_11
                0x00000078                __vector_13
                0x00000078                __vector_17
                0x00000078                __vector_19
                0x00000078                __vector_7
                0x00000078                __vector_5
                0x00000078                __vector_4
                0x00000078                __vector_9
                0x00000078                __vector_15
                0x00000078                __vector_8
                0x00000078                __vector_14
                0x00000078                __vector_10
                0x00000078                __vector_16
                0x00000078                __vector_18
                0x00000078                __vector_20
 .text          0x0000007c        0x0 ./MCAL/DIO_PROG.o
 .text          0x0000007c        0x0 ./GIE/GIE_PROGRAME.o
 .text          0x0000007c        0x0 ./EXTI/EXTI_PROGRMAE.o
 .text          0x0000007c        0x0 ./main.o
 .text          0x0000007c        0x0 c:/users/abdo_/documents/imt_sdk_win_64/winavr/bin/../lib/gcc/avr/4.3.3/avr5\libgcc.a(_exit.o)
 .text          0x0000007c        0x0 c:/users/abdo_/documents/imt_sdk_win_64/winavr/bin/../lib/gcc/avr/4.3.3/avr5\libgcc.a(_clear_bss.o)
                0x0000007c                . = ALIGN (0x2)
 *(.text.*)
 .text.DIO_vWritePortDirection
                0x0000007c       0x22 ./MCAL/DIO_PROG.o
                0x0000007c                DIO_vWritePortDirection
 .text.DIO_vWritePortVALUE
                0x0000009e       0x22 ./MCAL/DIO_PROG.o
                0x0000009e                DIO_vWritePortVALUE
 .text.DIO_vReadPortVALUE
                0x000000c0       0x24 ./MCAL/DIO_PROG.o
                0x000000c0                DIO_vReadPortVALUE
 .text.DIO_vWritePinDirection
                0x000000e4       0xe6 ./MCAL/DIO_PROG.o
                0x000000e4                DIO_vWritePinDirection
 .text.DIO_vWritePinVALUE
                0x000001ca       0xe6 ./MCAL/DIO_PROG.o
                0x000001ca                DIO_vWritePinVALUE
 .text.DIO_vReadPinVALUE
                0x000002b0       0x40 ./MCAL/DIO_PROG.o
                0x000002b0                DIO_vReadPinVALUE
 .text.DIO_vTogglePin
                0x000002f0       0x6a ./MCAL/DIO_PROG.o
                0x000002f0                DIO_vTogglePin
 .text.GIE_vEnable
                0x0000035a        0x8 ./GIE/GIE_PROGRAME.o
                0x0000035a                GIE_vEnable
 .text.EXTI_vDisableInterrupt
                0x00000362       0x24 ./EXTI/EXTI_PROGRMAE.o
                0x00000362                EXTI_vDisableInterrupt
 .text.__vector_1
                0x00000386       0x52 ./EXTI/EXTI_PROGRMAE.o
                0x00000386                __vector_1
 .text.__vector_2
                0x000003d8       0x52 ./EXTI/EXTI_PROGRMAE.o
                0x000003d8                __vector_2
 .text.__vector_3
                0x0000042a       0x52 ./EXTI/EXTI_PROGRMAE.o
                0x0000042a                __vector_3
 .text.EXTI_vRegisterCallback
                0x0000047c       0x2c ./EXTI/EXTI_PROGRMAE.o
                0x0000047c                EXTI_vRegisterCallback
 .text.EXTI_vEnableInterrupt
                0x000004a8       0x60 ./EXTI/EXTI_PROGRMAE.o
                0x000004a8                EXTI_vEnableInterrupt
 .text.EXTI_vSetSenseCtr
                0x00000508       0xc8 ./EXTI/EXTI_PROGRMAE.o
                0x00000508                EXTI_vSetSenseCtr
 .text.EXTI_vInit
                0x000005d0       0x28 ./EXTI/EXTI_PROGRMAE.o
                0x000005d0                EXTI_vInit
 .text.main     0x000005f8       0x1e ./main.o
                0x000005f8                main
 .text.TOggle   0x00000616        0xa ./main.o
                0x00000616                TOggle
 .text.libgcc   0x00000620        0x0 c:/users/abdo_/documents/imt_sdk_win_64/winavr/bin/../lib/gcc/avr/4.3.3/avr5\libgcc.a(_exit.o)
 .text.libgcc   0x00000620        0x0 c:/users/abdo_/documents/imt_sdk_win_64/winavr/bin/../lib/gcc/avr/4.3.3/avr5\libgcc.a(_clear_bss.o)
                0x00000620                . = ALIGN (0x2)
 *(.fini9)
 .fini9         0x00000620        0x0 c:/users/abdo_/documents/imt_sdk_win_64/winavr/bin/../lib/gcc/avr/4.3.3/avr5\libgcc.a(_exit.o)
                0x00000620                exit
                0x00000620                _exit
 *(.fini9)
 *(.fini8)
 *(.fini8)
 *(.fini7)
 *(.fini7)
 *(.fini6)
 *(.fini6)
 *(.fini5)
 *(.fini5)
 *(.fini4)
 *(.fini4)
 *(.fini3)
 *(.fini3)
 *(.fini2)
 *(.fini2)
 *(.fini1)
 *(.fini1)
 *(.fini0)
 .fini0         0x00000620        0x4 c:/users/abdo_/documents/imt_sdk_win_64/winavr/bin/../lib/gcc/avr/4.3.3/avr5\libgcc.a(_exit.o)
 *(.fini0)
                0x00000624                _etext = .

.data           0x00800060        0x0 load address 0x00000624
                0x00800060                PROVIDE (__data_start, .)
 *(.data)
 .data          0x00800060        0x0 c:/users/abdo_/documents/imt_sdk_win_64/winavr/bin/../lib/gcc/avr/4.3.3/../../../../avr/lib/avr5/crtm32.o
 .data          0x00800060        0x0 ./MCAL/DIO_PROG.o
 .data          0x00800060        0x0 ./GIE/GIE_PROGRAME.o
 .data          0x00800060        0x0 ./EXTI/EXTI_PROGRMAE.o
 .data          0x00800060        0x0 ./main.o
 .data          0x00800060        0x0 c:/users/abdo_/documents/imt_sdk_win_64/winavr/bin/../lib/gcc/avr/4.3.3/avr5\libgcc.a(_exit.o)
 .data          0x00800060        0x0 c:/users/abdo_/documents/imt_sdk_win_64/winavr/bin/../lib/gcc/avr/4.3.3/avr5\libgcc.a(_clear_bss.o)
 *(.data*)
 *(.rodata)
 *(.rodata*)
 *(.gnu.linkonce.d*)
                0x00800060                . = ALIGN (0x2)
                0x00800060                _edata = .
                0x00800060                PROVIDE (__data_end, .)

.bss            0x00800060        0x6
                0x00800060                PROVIDE (__bss_start, .)
 *(.bss)
 .bss           0x00800060        0x0 c:/users/abdo_/documents/imt_sdk_win_64/winavr/bin/../lib/gcc/avr/4.3.3/../../../../avr/lib/avr5/crtm32.o
 .bss           0x00800060        0x0 ./MCAL/DIO_PROG.o
 .bss           0x00800060        0x0 ./GIE/GIE_PROGRAME.o
 .bss           0x00800060        0x0 ./EXTI/EXTI_PROGRMAE.o
 .bss           0x00800060        0x0 ./main.o
 .bss           0x00800060        0x0 c:/users/abdo_/documents/imt_sdk_win_64/winavr/bin/../lib/gcc/avr/4.3.3/avr5\libgcc.a(_exit.o)
 .bss           0x00800060        0x0 c:/users/abdo_/documents/imt_sdk_win_64/winavr/bin/../lib/gcc/avr/4.3.3/avr5\libgcc.a(_clear_bss.o)
 *(.bss*)
 .bss.G_EXTI0_Callback
                0x00800060        0x2 ./EXTI/EXTI_PROGRMAE.o
 .bss.G_EXTI1_Callback
                0x00800062        0x2 ./EXTI/EXTI_PROGRMAE.o
 .bss.G_EXTI2_Callback
                0x00800064        0x2 ./EXTI/EXTI_PROGRMAE.o
 *(COMMON)
                0x00800066                PROVIDE (__bss_end, .)
                0x00000624                __data_load_start = LOADADDR (.data)
                0x00000624                __data_load_end = (__data_load_start + SIZEOF (.data))

.noinit         0x00800066        0x0
                0x00800066                PROVIDE (__noinit_start, .)
 *(.noinit*)
                0x00800066                PROVIDE (__noinit_end, .)
                0x00800066                _end = .
                0x00800066                PROVIDE (__heap_start, .)

.eeprom         0x00810000        0x0
 *(.eeprom*)
                0x00810000                __eeprom_end = .

.fuse
 *(.fuse)
 *(.lfuse)
 *(.hfuse)
 *(.efuse)

.lock
 *(.lock*)

.signature
 *(.signature*)

.stab
 *(.stab)

.stabstr
 *(.stabstr)

.stab.excl
 *(.stab.excl)

.stab.exclstr
 *(.stab.exclstr)

.stab.index
 *(.stab.index)

.stab.indexstr
 *(.stab.indexstr)

.comment
 *(.comment)

.debug
 *(.debug)

.line
 *(.line)

.debug_srcinfo
 *(.debug_srcinfo)

.debug_sfnames
 *(.debug_sfnames)

.debug_aranges
 *(.debug_aranges)

.debug_pubnames
 *(.debug_pubnames)

.debug_info
 *(.debug_info)
 *(.gnu.linkonce.wi.*)

.debug_abbrev
 *(.debug_abbrev)

.debug_line
 *(.debug_line)

.debug_frame
 *(.debug_frame)

.debug_str
 *(.debug_str)

.debug_loc
 *(.debug_loc)

.debug_macinfo
 *(.debug_macinfo)
OUTPUT(EXTI_Driver.elf elf32-avr)
LOAD linker stubs
