Archive member included because of file (symbol)

c:/users/abdo_/documents/imt_sdk_win_64/winavr/bin/../lib/gcc/avr/4.3.3/avr5\libgcc.a(_exit.o)
                              c:/users/abdo_/documents/imt_sdk_win_64/winavr/bin/../lib/gcc/avr/4.3.3/../../../../avr/lib/avr5/crtm32.o (exit)
c:/users/abdo_/documents/imt_sdk_win_64/winavr/bin/../lib/gcc/avr/4.3.3/avr5\libgcc.a(_clear_bss.o)
                              ./TIMER/Timer_Prog.o (__do_clear_bss)

Memory Configuration

Name             Origin             Length             Attributes
text             0x00000000         0x00020000         xr
data             0x00800060         0x0000ffa0         rw !x
eeprom           0x00810000         0x00010000         rw !x
fuse             0x00820000         0x00000400         rw !x
lock             0x00830000         0x00000400         rw !x
signature        0x00840000         0x00000400         rw !x
*default*        0x00000000         0xffffffff

Linker script and memory map

LOAD c:/users/abdo_/documents/imt_sdk_win_64/winavr/bin/../lib/gcc/avr/4.3.3/../../../../avr/lib/avr5/crtm32.o
LOAD ./TIMER/Timer_Prog.o
LOAD ./MCAL/DIO_PROG.o
LOAD ./GIE/GIE_PROGRAME.o
LOAD ./main.o
LOAD c:/users/abdo_/documents/imt_sdk_win_64/winavr/bin/../lib/gcc/avr/4.3.3/avr5\libgcc.a
LOAD c:/users/abdo_/documents/imt_sdk_win_64/winavr/bin/../lib/gcc/avr/4.3.3/../../../../avr/lib/avr5\libc.a
LOAD c:/users/abdo_/documents/imt_sdk_win_64/winavr/bin/../lib/gcc/avr/4.3.3/avr5\libgcc.a

.hash
 *(.hash)

.dynsym
 *(.dynsym)

.dynstr
 *(.dynstr)

.gnu.version
 *(.gnu.version)

.gnu.version_d
 *(.gnu.version_d)

.gnu.version_r
 *(.gnu.version_r)

.rel.init
 *(.rel.init)

.rela.init
 *(.rela.init)

.rel.text
 *(.rel.text)
 *(.rel.text.*)
 *(.rel.gnu.linkonce.t*)

.rela.text
 *(.rela.text)
 *(.rela.text.*)
 *(.rela.gnu.linkonce.t*)

.rel.fini
 *(.rel.fini)

.rela.fini
 *(.rela.fini)

.rel.rodata
 *(.rel.rodata)
 *(.rel.rodata.*)
 *(.rel.gnu.linkonce.r*)

.rela.rodata
 *(.rela.rodata)
 *(.rela.rodata.*)
 *(.rela.gnu.linkonce.r*)

.rel.data
 *(.rel.data)
 *(.rel.data.*)
 *(.rel.gnu.linkonce.d*)

.rela.data
 *(.rela.data)
 *(.rela.data.*)
 *(.rela.gnu.linkonce.d*)

.rel.ctors
 *(.rel.ctors)

.rela.ctors
 *(.rela.ctors)

.rel.dtors
 *(.rel.dtors)

.rela.dtors
 *(.rela.dtors)

.rel.got
 *(.rel.got)

.rela.got
 *(.rela.got)

.rel.bss
 *(.rel.bss)

.rela.bss
 *(.rela.bss)

.rel.plt
 *(.rel.plt)

.rela.plt
 *(.rela.plt)

.text           0x00000000      0x506
 *(.vectors)
 .vectors       0x00000000       0x54 c:/users/abdo_/documents/imt_sdk_win_64/winavr/bin/../lib/gcc/avr/4.3.3/../../../../avr/lib/avr5/crtm32.o
                0x00000000                __vectors
                0x00000000                __vector_default
 *(.vectors)
 *(.progmem.gcc*)
 *(.progmem*)
                0x00000054                . = ALIGN (0x2)
                0x00000054                __trampolines_start = .
 *(.trampolines)
 .trampolines   0x00000054        0x0 linker stubs
 *(.trampolines*)
                0x00000054                __trampolines_end = .
 *(.jumptables)
 *(.jumptables*)
 *(.lowtext)
 *(.lowtext*)
                0x00000054                __ctors_start = .
 *(.ctors)
                0x00000054                __ctors_end = .
                0x00000054                __dtors_start = .
 *(.dtors)
                0x00000054                __dtors_end = .
 SORT(*)(.ctors)
 SORT(*)(.dtors)
 *(.init0)
 .init0         0x00000054        0x0 c:/users/abdo_/documents/imt_sdk_win_64/winavr/bin/../lib/gcc/avr/4.3.3/../../../../avr/lib/avr5/crtm32.o
                0x00000054                __init
 *(.init0)
 *(.init1)
 *(.init1)
 *(.init2)
 .init2         0x00000054        0xc c:/users/abdo_/documents/imt_sdk_win_64/winavr/bin/../lib/gcc/avr/4.3.3/../../../../avr/lib/avr5/crtm32.o
 *(.init2)
 *(.init3)
 *(.init3)
 *(.init4)
 .init4         0x00000060       0x10 c:/users/abdo_/documents/imt_sdk_win_64/winavr/bin/../lib/gcc/avr/4.3.3/avr5\libgcc.a(_clear_bss.o)
                0x00000060                __do_clear_bss
 *(.init4)
 *(.init5)
 *(.init5)
 *(.init6)
 *(.init6)
 *(.init7)
 *(.init7)
 *(.init8)
 *(.init8)
 *(.init9)
 .init9         0x00000070        0x8 c:/users/abdo_/documents/imt_sdk_win_64/winavr/bin/../lib/gcc/avr/4.3.3/../../../../avr/lib/avr5/crtm32.o
 *(.init9)
 *(.text)
 .text          0x00000078        0x4 c:/users/abdo_/documents/imt_sdk_win_64/winavr/bin/../lib/gcc/avr/4.3.3/../../../../avr/lib/avr5/crtm32.o
                0x00000078                __vector_1
                0x00000078                __vector_12
                0x00000078                __bad_interrupt
                0x00000078                __vector_6
                0x00000078                __vector_3
                0x00000078                __vector_13
                0x00000078                __vector_17
                0x00000078                __vector_19
                0x00000078                __vector_7
                0x00000078                __vector_5
                0x00000078                __vector_4
                0x00000078                __vector_9
                0x00000078                __vector_2
                0x00000078                __vector_15
                0x00000078                __vector_8
                0x00000078                __vector_14
                0x00000078                __vector_16
                0x00000078                __vector_18
                0x00000078                __vector_20
 .text          0x0000007c        0x0 ./TIMER/Timer_Prog.o
 .text          0x0000007c        0x0 ./MCAL/DIO_PROG.o
 .text          0x0000007c        0x0 ./GIE/GIE_PROGRAME.o
 .text          0x0000007c        0x0 ./main.o
 .text          0x0000007c        0x0 c:/users/abdo_/documents/imt_sdk_win_64/winavr/bin/../lib/gcc/avr/4.3.3/avr5\libgcc.a(_exit.o)
 .text          0x0000007c        0x0 c:/users/abdo_/documents/imt_sdk_win_64/winavr/bin/../lib/gcc/avr/4.3.3/avr5\libgcc.a(_clear_bss.o)
                0x0000007c                . = ALIGN (0x2)
 *(.text.*)
 .text.TIMERS_vInit
                0x0000007c       0x26 ./TIMER/Timer_Prog.o
                0x0000007c                TIMERS_vInit
 .text.TIMERS_vSetBusyWait_synch
                0x000000a2        0x2 ./TIMER/Timer_Prog.o
                0x000000a2                TIMERS_vSetBusyWait_synch
 .text.TIMERS_vStartTimer
                0x000000a4       0x1e ./TIMER/Timer_Prog.o
                0x000000a4                TIMERS_vStartTimer
 .text.TIMERS_vStopTimer
                0x000000c2       0x1a ./TIMER/Timer_Prog.o
                0x000000c2                TIMERS_vStopTimer
 .text.TIMERS_vSetPreloadValue
                0x000000dc       0x14 ./TIMER/Timer_Prog.o
                0x000000dc                TIMERS_vSetPreloadValue
 .text.TIMERS_vSetCompareMatchValue
                0x000000f0       0x14 ./TIMER/Timer_Prog.o
                0x000000f0                TIMERS_vSetCompareMatchValue
 .text.TIMERS_vSetICR1
                0x00000104        0x6 ./TIMER/Timer_Prog.o
                0x00000104                TIMERS_vSetICR1
 .text.TIMERS_vStetCallback
                0x0000010a        0xa ./TIMER/Timer_Prog.o
                0x0000010a                TIMERS_vStetCallback
 .text.__vector_11
                0x00000114       0x52 ./TIMER/Timer_Prog.o
                0x00000114                __vector_11
 .text.__vector_10
                0x00000166       0x52 ./TIMER/Timer_Prog.o
                0x00000166                __vector_10
 .text.DIO_vWritePortDirection
                0x000001b8       0x22 ./MCAL/DIO_PROG.o
                0x000001b8                DIO_vWritePortDirection
 .text.DIO_vWritePortVALUE
                0x000001da       0x22 ./MCAL/DIO_PROG.o
                0x000001da                DIO_vWritePortVALUE
 .text.DIO_vReadPortVALUE
                0x000001fc       0x24 ./MCAL/DIO_PROG.o
                0x000001fc                DIO_vReadPortVALUE
 .text.DIO_vWritePinDirection
                0x00000220       0xe6 ./MCAL/DIO_PROG.o
                0x00000220                DIO_vWritePinDirection
 .text.DIO_vWritePinVALUE
                0x00000306       0xe6 ./MCAL/DIO_PROG.o
                0x00000306                DIO_vWritePinVALUE
 .text.DIO_vReadPinVALUE
                0x000003ec       0x40 ./MCAL/DIO_PROG.o
                0x000003ec                DIO_vReadPinVALUE
 .text.DIO_vTogglePin
                0x0000042c       0x6a ./MCAL/DIO_PROG.o
                0x0000042c                DIO_vTogglePin
 .text.GIE_vEnable
                0x00000496        0x8 ./GIE/GIE_PROGRAME.o
                0x00000496                GIE_vEnable
 .text.main     0x0000049e       0x64 ./main.o
                0x0000049e                main
 .text.libgcc   0x00000502        0x0 c:/users/abdo_/documents/imt_sdk_win_64/winavr/bin/../lib/gcc/avr/4.3.3/avr5\libgcc.a(_exit.o)
 .text.libgcc   0x00000502        0x0 c:/users/abdo_/documents/imt_sdk_win_64/winavr/bin/../lib/gcc/avr/4.3.3/avr5\libgcc.a(_clear_bss.o)
                0x00000502                . = ALIGN (0x2)
 *(.fini9)
 .fini9         0x00000502        0x0 c:/users/abdo_/documents/imt_sdk_win_64/winavr/bin/../lib/gcc/avr/4.3.3/avr5\libgcc.a(_exit.o)
                0x00000502                exit
                0x00000502                _exit
 *(.fini9)
 *(.fini8)
 *(.fini8)
 *(.fini7)
 *(.fini7)
 *(.fini6)
 *(.fini6)
 *(.fini5)
 *(.fini5)
 *(.fini4)
 *(.fini4)
 *(.fini3)
 *(.fini3)
 *(.fini2)
 *(.fini2)
 *(.fini1)
 *(.fini1)
 *(.fini0)
 .fini0         0x00000502        0x4 c:/users/abdo_/documents/imt_sdk_win_64/winavr/bin/../lib/gcc/avr/4.3.3/avr5\libgcc.a(_exit.o)
 *(.fini0)
                0x00000506                _etext = .

.data           0x00800060        0x0 load address 0x00000506
                0x00800060                PROVIDE (__data_start, .)
 *(.data)
 .data          0x00800060        0x0 c:/users/abdo_/documents/imt_sdk_win_64/winavr/bin/../lib/gcc/avr/4.3.3/../../../../avr/lib/avr5/crtm32.o
 .data          0x00800060        0x0 ./TIMER/Timer_Prog.o
 .data          0x00800060        0x0 ./MCAL/DIO_PROG.o
 .data          0x00800060        0x0 ./GIE/GIE_PROGRAME.o
 .data          0x00800060        0x0 ./main.o
 .data          0x00800060        0x0 c:/users/abdo_/documents/imt_sdk_win_64/winavr/bin/../lib/gcc/avr/4.3.3/avr5\libgcc.a(_exit.o)
 .data          0x00800060        0x0 c:/users/abdo_/documents/imt_sdk_win_64/winavr/bin/../lib/gcc/avr/4.3.3/avr5\libgcc.a(_clear_bss.o)
 *(.data*)
 *(.rodata)
 *(.rodata*)
 *(.gnu.linkonce.d*)
                0x00800060                . = ALIGN (0x2)
                0x00800060                _edata = .
                0x00800060                PROVIDE (__data_end, .)

.bss            0x00800060        0x4
                0x00800060                PROVIDE (__bss_start, .)
 *(.bss)
 .bss           0x00800060        0x0 c:/users/abdo_/documents/imt_sdk_win_64/winavr/bin/../lib/gcc/avr/4.3.3/../../../../avr/lib/avr5/crtm32.o
 .bss           0x00800060        0x0 ./TIMER/Timer_Prog.o
 .bss           0x00800060        0x0 ./MCAL/DIO_PROG.o
 .bss           0x00800060        0x0 ./GIE/GIE_PROGRAME.o
 .bss           0x00800060        0x0 ./main.o
 .bss           0x00800060        0x0 c:/users/abdo_/documents/imt_sdk_win_64/winavr/bin/../lib/gcc/avr/4.3.3/avr5\libgcc.a(_exit.o)
 .bss           0x00800060        0x0 c:/users/abdo_/documents/imt_sdk_win_64/winavr/bin/../lib/gcc/avr/4.3.3/avr5\libgcc.a(_clear_bss.o)
 *(.bss*)
 .bss.TIMER0_OVF_Callback
                0x00800060        0x2 ./TIMER/Timer_Prog.o
 .bss.TIME0_COMP_Callback
                0x00800062        0x2 ./TIMER/Timer_Prog.o
 *(COMMON)
                0x00800064                PROVIDE (__bss_end, .)
                0x00000506                __data_load_start = LOADADDR (.data)
                0x00000506                __data_load_end = (__data_load_start + SIZEOF (.data))

.noinit         0x00800064        0x0
                0x00800064                PROVIDE (__noinit_start, .)
 *(.noinit*)
                0x00800064                PROVIDE (__noinit_end, .)
                0x00800064                _end = .
                0x00800064                PROVIDE (__heap_start, .)

.eeprom         0x00810000        0x0
 *(.eeprom*)
                0x00810000                __eeprom_end = .

.fuse
 *(.fuse)
 *(.lfuse)
 *(.hfuse)
 *(.efuse)

.lock
 *(.lock*)

.signature
 *(.signature*)

.stab
 *(.stab)

.stabstr
 *(.stabstr)

.stab.excl
 *(.stab.excl)

.stab.exclstr
 *(.stab.exclstr)

.stab.index
 *(.stab.index)

.stab.indexstr
 *(.stab.indexstr)

.comment
 *(.comment)

.debug
 *(.debug)

.line
 *(.line)

.debug_srcinfo
 *(.debug_srcinfo)

.debug_sfnames
 *(.debug_sfnames)

.debug_aranges
 *(.debug_aranges)

.debug_pubnames
 *(.debug_pubnames)

.debug_info
 *(.debug_info)
 *(.gnu.linkonce.wi.*)

.debug_abbrev
 *(.debug_abbrev)

.debug_line
 *(.debug_line)

.debug_frame
 *(.debug_frame)

.debug_str
 *(.debug_str)

.debug_loc
 *(.debug_loc)

.debug_macinfo
 *(.debug_macinfo)
OUTPUT(Timer_Driver.elf elf32-avr)
LOAD linker stubs
